<?xml version="1.0" encoding="utf-8"?><testsuites name="pytest tests"><testsuite name="pytest" errors="0" failures="0" skipped="0" tests="29" time="39.092" timestamp="2026-01-20T17:17:52.193609-05:00" hostname="Bhavdeeps-Mac-mini.local"><testcase classname="tests.test_safety_service.TestExplicitCrisisDetection" name="test_suicidal_ideation_explicit" time="2.136" /><testcase classname="tests.test_safety_service.TestExplicitCrisisDetection" name="test_self_harm_explicit" time="1.693" /><testcase classname="tests.test_safety_service.TestExplicitCrisisDetection" name="test_intent_with_plan" time="1.297" /><testcase classname="tests.test_safety_service.TestBoundaryValidation" name="test_teenage_hyperbole" time="1.163" /><testcase classname="tests.test_safety_service.TestBoundaryValidation" name="test_positive_alive_statements" time="1.284" /><testcase classname="tests.test_safety_service.TestBoundaryValidation" name="test_boundary_case_unalive_vs_alive" time="1.502" /><testcase classname="tests.test_safety_service.TestSemanticLayer" name="test_semantic_layer_initialized" time="1.288" /><testcase classname="tests.test_safety_service.TestPerformance" name="test_latency_under_50ms" time="1.166" /><testcase classname="tests.test_safety_service.TestPerformance" name="test_batch_throughput" time="1.677" /><testcase classname="tests.test_safety_service.TestClinicalScoring" name="test_crisis_score_10_out_of_10" time="1.492" /><testcase classname="tests.test_safety_service.TestStrategyIsolation" name="test_regex_strategy_explicit_keywords" time="0.002" /><testcase classname="tests.test_safety_service.TestStrategyIsolation" name="test_regex_word_boundaries" time="0.001" /><testcase classname="tests.test_safety_service.TestStrategyIsolation" name="test_semantic_strategy_with_crisis_terms" time="1.489" /><testcase classname="tests.test_safety_service.TestStrategyIsolation" name="test_semantic_with_context_improves_accuracy" time="1.628" /><testcase classname="tests.test_safety_service.TestStrategyIsolation" name="test_sarcasm_filter_detects_hyperbole" time="0.002" /><testcase classname="tests.test_safety_service.TestStrategyIsolation" name="test_sarcasm_filter_detects_positive_sentiment" time="0.002" /><testcase classname="tests.test_safety_service.TestStrategyIsolation" name="test_sarcasm_filter_allows_genuine_crisis" time="0.001" /><testcase classname="tests.test_safety_service.TestContextWindow" name="test_context_disambiguates_ambiguous_message" time="1.412" /><testcase classname="tests.test_safety_service.TestContextWindow" name="test_context_window_size_limit" time="1.747" /><testcase classname="tests.test_safety_service.TestSarcasmFilterIntegration" name="test_sarcasm_filter_reduces_semantic_score" time="1.477" /><testcase classname="tests.test_safety_service.TestSarcasmFilterIntegration" name="test_sarcasm_filter_allows_genuine_crisis_with_lol" time="1.447" /><testcase classname="tests.test_safety_service.TestPerformanceRegression" name="test_single_message_latency" time="1.253" /><testcase classname="tests.test_safety_service.TestPerformanceRegression" name="test_with_context_latency" time="1.474" /><testcase classname="tests.test_safety_service.TestPerformanceRegression" name="test_batch_throughput_maintained" time="1.609" /><testcase classname="tests.test_safety_service.TestEdgeCases" name="test_empty_message" time="1.405" /><testcase classname="tests.test_safety_service.TestEdgeCases" name="test_very_long_message" time="1.674" /><testcase classname="tests.test_safety_service.TestEdgeCases" name="test_unicode_and_emojis" time="1.545" /><testcase classname="tests.test_safety_service.TestEdgeCases" name="test_none_context" time="2.117" /><testcase classname="tests.test_safety_service.TestEdgeCases" name="test_empty_context" time="1.648" /></testsuite></testsuites>